2026-09-12 16:00:10.945: [INFO] CurrentProfilePath: C:\Users\Ganesh\Downloads\college apps\soa\SOA PROJECT\PROJECT\RESOLVE\.metadata\.plugins\org.eclipse.swt\EBWebView\Default
2026-09-12 16:00:10.945: [INFO] Profiles total count: 1
2026-09-12 16:00:10.945: [INFO] Profile: name=Profile 1 path=C:\Users\Ganesh\Downloads\college apps\soa\SOA PROJECT\PROJECT\RESOLVE\.metadata\.plugins\org.eclipse.swt\EBWebView\Default lastActive=null
2026-09-12 16:00:10.945: [INFO] LastUsedProfileDir: C:\Users\Ganesh\Downloads\college apps\soa\SOA PROJECT\PROJECT\RESOLVE\.metadata\.plugins\org.eclipse.swt\EBWebView\Default
2026-09-12 16:00:10.945: [INFO] OnDoneLoading sync enabled: 0
2026-09-12 16:00:10.945: [INFO] BookmarkModelLoaded, ids_reassigned: 0
2026-09-12 16:00:10.945: [INFO] BookmarksLoadDropped droppedNodes=0
2026-09-12 16:00:10.945: [INFO] BookmarksSnapshot Startup total=0 bar=0 other=0 mobile=0 showBar=0 showBarNTP=1
2026-09-12 16:08:34.076: [INFO] BookmarksSnapshot Shutdown total=0 bar=0 other=0 mobile=0 showBar=0 showBarNTP=1
2026-09-12 16:15:23.855: [INFO] CurrentProfilePath: C:\Users\Ganesh\Downloads\college apps\soa\SOA PROJECT\PROJECT\RESOLVE\.metadata\.plugins\org.eclipse.swt\EBWebView\Default
2026-09-12 16:15:23.855: [INFO] Profiles total count: 1
2026-09-12 16:15:23.855: [INFO] Profile: name=Profile 1 path=C:\Users\Ganesh\Downloads\college apps\soa\SOA PROJECT\PROJECT\RESOLVE\.metadata\.plugins\org.eclipse.swt\EBWebView\Default lastActive=null
2026-09-12 16:15:23.855: [INFO] LastUsedProfileDir: C:\Users\Ganesh\Downloads\college apps\soa\SOA PROJECT\PROJECT\RESOLVE\.metadata\.plugins\org.eclipse.swt\EBWebView\Default
2026-09-12 16:15:23.855: [INFO] OnDoneLoading sync enabled: 0
2026-09-12 16:15:23.855: [INFO] BookmarkModelLoaded, ids_reassigned: 0
2026-09-12 16:15:23.855: [INFO] BookmarksLoadDropped droppedNodes=0
2026-09-12 16:15:23.855: [INFO] BookmarksSnapshot Startup total=0 bar=0 other=0 mobile=0 showBar=0 showBarNTP=1
2026-09-12 16:15:23.953: [INFO] BookmarksSnapshot Shutdown total=0 bar=0 other=0 mobile=0 showBar=0 showBarNTP=1
2026-09-12 16:23:47.483: [INFO] CurrentProfilePath: C:\Users\Ganesh\Downloads\college apps\soa\SOA PROJECT\PROJECT\RESOLVE\.metadata\.plugins\org.eclipse.swt\EBWebView\Default
2026-09-12 16:23:47.483: [INFO] Profiles total count: 1
2026-09-12 16:23:47.483: [INFO] Profile: name=Profile 1 path=C:\Users\Ganesh\Downloads\college apps\soa\SOA PROJECT\PROJECT\RESOLVE\.metadata\.plugins\org.eclipse.swt\EBWebView\Default lastActive=null
2026-09-12 16:23:47.483: [INFO] LastUsedProfileDir: C:\Users\Ganesh\Downloads\college apps\soa\SOA PROJECT\PROJECT\RESOLVE\.metadata\.plugins\org.eclipse.swt\EBWebView\Default
2026-09-12 16:23:47.483: [INFO] OnDoneLoading sync enabled: 0
2026-09-12 16:23:47.483: [INFO] BookmarkModelLoaded, ids_reassigned: 0
2026-09-12 16:23:47.483: [INFO] BookmarksLoadDropped droppedNodes=0
2026-09-12 16:23:47.483: [INFO] BookmarksSnapshot Startup total=0 bar=0 other=0 mobile=0 showBar=0 showBarNTP=1
2026-09-12 17:33:16.040: [INFO] BookmarksSnapshot Shutdown total=0 bar=0 other=0 mobile=0 showBar=0 showBarNTP=1
2026-09-13 05:40:05.706: [INFO] CurrentProfilePath: C:\Users\Ganesh\Downloads\college apps\soa\SOA PROJECT\PROJECT\RESOLVE\.metadata\.plugins\org.eclipse.swt\EBWebView\Default
2026-09-13 05:40:05.706: [INFO] Profiles total count: 1
2026-09-13 05:40:05.706: [INFO] Profile: name=Profile 1 path=C:\Users\Ganesh\Downloads\college apps\soa\SOA PROJECT\PROJECT\RESOLVE\.metadata\.plugins\org.eclipse.swt\EBWebView\Default lastActive=null
2026-09-13 05:40:05.706: [INFO] LastUsedProfileDir: C:\Users\Ganesh\Downloads\college apps\soa\SOA PROJECT\PROJECT\RESOLVE\.metadata\.plugins\org.eclipse.swt\EBWebView\Default
2026-09-13 05:40:05.706: [INFO] OnDoneLoading sync enabled: 0
2026-09-13 05:40:05.706: [INFO] BookmarkModelLoaded, ids_reassigned: 0
2026-09-13 05:40:05.706: [INFO] BookmarksLoadDropped droppedNodes=0
2026-09-13 05:40:05.706: [INFO] BookmarksSnapshot Startup total=0 bar=0 other=0 mobile=0 showBar=0 showBarNTP=1
2026-09-14 18:47:44.645: [INFO] BookmarksSnapshot Shutdown total=0 bar=0 other=0 mobile=0 showBar=0 showBarNTP=1
2026-09-22 06:02:46.490: [INFO] CurrentProfilePath: C:\Users\Ganesh\Downloads\college apps\soa\SOA PROJECT\PROJECT\RESOLVE\.metadata\.plugins\org.eclipse.swt\EBWebView\Default
2026-09-22 06:02:46.490: [INFO] Profiles total count: 1
2026-09-22 06:02:46.490: [INFO] Profile: name=Profile 1 path=C:\Users\Ganesh\Downloads\college apps\soa\SOA PROJECT\PROJECT\RESOLVE\.metadata\.plugins\org.eclipse.swt\EBWebView\Default lastActive=2026-09-13T07:58:52.249Z
2026-09-22 06:02:46.490: [INFO] LastUsedProfileDir: C:\Users\Ganesh\Downloads\college apps\soa\SOA PROJECT\PROJECT\RESOLVE\.metadata\.plugins\org.eclipse.swt\EBWebView\Default
2026-09-22 06:02:46.490: [INFO] MostRecentlyActiveProfile: name=Profile 1 path=C:\Users\Ganesh\Downloads\college apps\soa\SOA PROJECT\PROJECT\RESOLVE\.metadata\.plugins\org.eclipse.swt\EBWebView\Default lastActive=2026-09-13T07:58:52.249Z
2026-09-22 06:02:46.490: [INFO] OnDoneLoading sync enabled: 0
2026-09-22 06:02:46.490: [INFO] BookmarkModelLoaded, ids_reassigned: 0
2026-09-22 06:02:46.490: [INFO] BookmarksLoadDropped droppedNodes=0
2026-09-22 06:02:46.490: [INFO] BookmarksSnapshot Startup total=0 bar=0 other=0 mobile=0 showBar=0 showBarNTP=1
2026-09-22 08:44:07.174: [INFO] BookmarksSnapshot Shutdown total=0 bar=0 other=0 mobile=0 showBar=0 showBarNTP=1
